2026-09-10 12:04:07,427 - HTTP Request: HEAD https://huggingface.co/amirmovasati/support-ticket-distilbert-intent/resolve/main/config.json "HTTP/1.1 307 Temporary Redirect"
2026-09-10 12:04:07,549 - HTTP Request: HEAD https://huggingface.co/api/resolve-cache/models/amirmovasati/support-ticket-distilbert-intent/de9e339391a56b4fae25c33d57f16168f7f6abe0/config.json?%2Famirmovasati%2Fsupport-ticket-distilbert-intent%2Fresolve%2Fmain%2Fconfig.json=&etag=%222d49ba2e7ca756dabdfab88a4a43b48f7eb6e6e9%22 "HTTP/1.1 200 OK"
2026-09-10 12:04:07,865 - HTTP Request: HEAD https://huggingface.co/amirmovasati/support-ticket-distilbert-intent/resolve/main/tokenizer_config.json "HTTP/1.1 307 Temporary Redirect"
2026-09-10 12:04:07,996 - HTTP Request: HEAD https://huggingface.co/api/resolve-cache/models/amirmovasati/support-ticket-distilbert-intent/de9e339391a56b4fae25c33d57f16168f7f6abe0/tokenizer_config.json?%2Famirmovasati%2Fsupport-ticket-distilbert-intent%2Fresolve%2Fmain%2Ftokenizer_config.json=&etag=%22baea9fad56b1c7d72da7e343bb828b7076fd4bca%22 "HTTP/1.1 200 OK"
2026-09-10 12:04:08,349 - HTTP Request: GET https://huggingface.co/api/models/amirmovasati/support-ticket-distilbert-intent/tree/main/additional_chat_templates?recursive=false&expand=false "HTTP/1.1 404 Not Found"
2026-09-10 12:04:08,596 - HTTP Request: GET https://huggingface.co/api/models/amirmovasati/support-ticket-distilbert-intent/tree/main?recursive=true&expand=false "HTTP/1.1 200 OK"
2026-09-10 12:04:08,949 - HTTP Request: HEAD https://huggingface.co/amirmovasati/support-ticket-distilbert-intent/resolve/main/config.json "HTTP/1.1 307 Temporary Redirect"
2026-09-10 12:04:09,063 - HTTP Request: HEAD https://huggingface.co/api/resolve-cache/models/amirmovasati/support-ticket-distilbert-intent/de9e339391a56b4fae25c33d57f16168f7f6abe0/config.json?%2Famirmovasati%2Fsupport-ticket-distilbert-intent%2Fresolve%2Fmain%2Fconfig.json=&etag=%222d49ba2e7ca756dabdfab88a4a43b48f7eb6e6e9%22 "HTTP/1.1 200 OK"
2026-09-10 12:04:09,520 - HTTP Request: HEAD https://huggingface.co/amirmovasati/support-ticket-distilbert-intent/resolve/main/label_encoder.joblib "HTTP/1.1 302 Found"
2026-09-10 12:04:52,928 - HTTP Request: HEAD https://huggingface.co/amirmovasati/support-ticket-distilbert-intent/resolve/main/config.json "HTTP/1.1 307 Temporary Redirect"
2026-09-10 12:04:53,033 - HTTP Request: HEAD https://huggingface.co/api/resolve-cache/models/amirmovasati/support-ticket-distilbert-intent/de9e339391a56b4fae25c33d57f16168f7f6abe0/config.json?%2Famirmovasati%2Fsupport-ticket-distilbert-intent%2Fresolve%2Fmain%2Fconfig.json=&etag=%222d49ba2e7ca756dabdfab88a4a43b48f7eb6e6e9%22 "HTTP/1.1 200 OK"
2026-09-10 12:04:53,285 - HTTP Request: HEAD https://huggingface.co/amirmovasati/support-ticket-distilbert-intent/resolve/main/tokenizer_config.json "HTTP/1.1 307 Temporary Redirect"
2026-09-10 12:04:53,391 - HTTP Request: HEAD https://huggingface.co/api/resolve-cache/models/amirmovasati/support-ticket-distilbert-intent/de9e339391a56b4fae25c33d57f16168f7f6abe0/tokenizer_config.json?%2Famirmovasati%2Fsupport-ticket-distilbert-intent%2Fresolve%2Fmain%2Ftokenizer_config.json=&etag=%22baea9fad56b1c7d72da7e343bb828b7076fd4bca%22 "HTTP/1.1 200 OK"
2026-09-10 12:04:53,642 - HTTP Request: GET https://huggingface.co/api/models/amirmovasati/support-ticket-distilbert-intent/tree/main/additional_chat_templates?recursive=false&expand=false "HTTP/1.1 404 Not Found"
2026-09-10 12:04:53,889 - HTTP Request: GET https://huggingface.co/api/models/amirmovasati/support-ticket-distilbert-intent/tree/main?recursive=true&expand=false "HTTP/1.1 200 OK"
2026-09-10 12:04:54,221 - HTTP Request: HEAD https://huggingface.co/amirmovasati/support-ticket-distilbert-intent/resolve/main/config.json "HTTP/1.1 307 Temporary Redirect"
2026-09-10 12:04:54,329 - HTTP Request: HEAD https://huggingface.co/api/resolve-cache/models/amirmovasati/support-ticket-distilbert-intent/de9e339391a56b4fae25c33d57f16168f7f6abe0/config.json?%2Famirmovasati%2Fsupport-ticket-distilbert-intent%2Fresolve%2Fmain%2Fconfig.json=&etag=%222d49ba2e7ca756dabdfab88a4a43b48f7eb6e6e9%22 "HTTP/1.1 200 OK"
2026-09-10 12:04:54,703 - HTTP Request: HEAD https://huggingface.co/amirmovasati/support-ticket-distilbert-intent/resolve/main/label_encoder.joblib "HTTP/1.1 302 Found"
2026-09-10 12:05:39,905 - HTTP Request: HEAD https://huggingface.co/amirmovasati/support-ticket-distilbert-intent/resolve/main/config.json "HTTP/1.1 307 Temporary Redirect"
2026-09-10 12:05:40,010 - HTTP Request: HEAD https://huggingface.co/api/resolve-cache/models/amirmovasati/support-ticket-distilbert-intent/de9e339391a56b4fae25c33d57f16168f7f6abe0/config.json?%2Famirmovasati%2Fsupport-ticket-distilbert-intent%2Fresolve%2Fmain%2Fconfig.json=&etag=%222d49ba2e7ca756dabdfab88a4a43b48f7eb6e6e9%22 "HTTP/1.1 200 OK"
2026-09-10 12:05:40,267 - HTTP Request: HEAD https://huggingface.co/amirmovasati/support-ticket-distilbert-intent/resolve/main/tokenizer_config.json "HTTP/1.1 307 Temporary Redirect"
2026-09-10 12:05:40,370 - HTTP Request: HEAD https://huggingface.co/api/resolve-cache/models/amirmovasati/support-ticket-distilbert-intent/de9e339391a56b4fae25c33d57f16168f7f6abe0/tokenizer_config.json?%2Famirmovasati%2Fsupport-ticket-distilbert-intent%2Fresolve%2Fmain%2Ftokenizer_config.json=&etag=%22baea9fad56b1c7d72da7e343bb828b7076fd4bca%22 "HTTP/1.1 200 OK"
2026-09-10 12:05:40,605 - HTTP Request: GET https://huggingface.co/api/models/amirmovasati/support-ticket-distilbert-intent/tree/main/additional_chat_templates?recursive=false&expand=false "HTTP/1.1 404 Not Found"
2026-09-10 12:05:40,839 - HTTP Request: GET https://huggingface.co/api/models/amirmovasati/support-ticket-distilbert-intent/tree/main?recursive=true&expand=false "HTTP/1.1 200 OK"
2026-09-10 12:05:41,129 - HTTP Request: HEAD https://huggingface.co/amirmovasati/support-ticket-distilbert-intent/resolve/main/config.json "HTTP/1.1 307 Temporary Redirect"
2026-09-10 12:05:41,234 - HTTP Request: HEAD https://huggingface.co/api/resolve-cache/models/amirmovasati/support-ticket-distilbert-intent/de9e339391a56b4fae25c33d57f16168f7f6abe0/config.json?%2Famirmovasati%2Fsupport-ticket-distilbert-intent%2Fresolve%2Fmain%2Fconfig.json=&etag=%222d49ba2e7ca756dabdfab88a4a43b48f7eb6e6e9%22 "HTTP/1.1 200 OK"
2026-09-10 12:05:41,567 - HTTP Request: HEAD https://huggingface.co/amirmovasati/support-ticket-distilbert-intent/resolve/main/label_encoder.joblib "HTTP/1.1 302 Found"
2026-09-10 12:05:54,491 - GET /metrics - 200 - 0.062s
2026-09-10 12:05:54,553 - GET /favicon.ico - 404 - 0.000s
2026-09-10 12:06:00,674 - GET /metrics - 200 - 0.039s
2026-09-10 12:06:01,803 - GET /metrics - 200 - 0.041s
2026-09-10 12:06:33,573 - GET /metrics - 200 - 0.042s
